weight2 ZZ           shadow=True  cosets=4 |R|=2 patterns=3 vars=39 -> INFEASIBLE
weight2 ZZ           shadow=False cosets=4 |R|=2 patterns=3 vars=39 -> FEASIBLE
weight3 ZZZ          shadow=True  cosets=16 |R|=2 patterns=3 vars=36 -> INFEASIBLE
weight3 ZZZ          shadow=False cosets=16 |R|=2 patterns=3 vars=36 -> FEASIBLE
bell XXXX,ZZZZ       shadow=True  cosets=16 |R|=4 patterns=3 vars=33 -> INFEASIBLE
bell XXXX,ZZZZ       shadow=False cosets=16 |R|=4 patterns=3 vars=33 -> FEASIBLE
5site overlap        shadow=True  cosets=64 |R|=4 patterns=9 vars=90 -> INFEASIBLE
5site overlap        shadow=False cosets=64 |R|=4 patterns=9 vars=90 -> FEASIBLE
6site same-letter    shadow=True  cosets=256 |R|=4 patterns=13 vars=117 -> INFEASIBLE
6site same-letter    shadow=False cosets=256 |R|=4 patterns=13 vars=117 -> FEASIBLE
6site crossed        shadow=True  cosets=256 |R|=4 patterns=14 vars=126 -> INFEASIBLE
6site crossed        shadow=False cosets=256 |R|=4 patterns=14 vars=126 -> FEASIBLE
rank3 triangle       shadow=True  cosets=4096 |R|=8 patterns=40 vars=240 -> INFEASIBLE
rank3 triangle       shadow=False cosets=4096 |R|=8 patterns=40 vars=240 -> INFEASIBLE
rank3 common         shadow=True  cosets=16384 |R|=8 patterns=27 vars=135 -> INFEASIBLE
rank3 common         shadow=False cosets=16384 |R|=8 patterns=27 vars=135 -> FEASIBLE
rank3 two            shadow=True  cosets=16384 |R|=8 patterns=60 vars=300 -> INFEASIBLE
rank3 two            shadow=False cosets=16384 |R|=8 patterns=60 vars=300 -> FEASIBLE
rank3 one            shadow=True  cosets=65536 |R|=8 patterns=74 vars=296 -> INFEASIBLE
rank3 one            shadow=False cosets=65536 |R|=8 patterns=74 vars=296 -> FEASIBLE
